// Jest Snapshot v1, https://goo.gl/fbAQLP

exports[`App renders the component 1`] = `
<div>
  <img
    alt="BandLab Welcomes Composr"
    height="80"
    src="test-file-stub"
  />
  <div>
    <h1>
      Page not found
    </h1>
    <p>
      <a
        href="/"
        onClick={[Function]}
      >
        Back to announcement
      </a>
    </p>
  </div>
  Â© 2017 Composr
</div>
`;
