// Jest Snapshot v1, https://goo.gl/fbAQLP

exports[`PageNotFound renders the component 1`] = `
<div>
  <h1>
    Page not found
  </h1>
  <p>
    <a
      href="/"
      onClick={[Function]}
    >
      Back to announcement
    </a>
  </p>
</div>
`;
